npm warn EBADENGINE Unsupported engine {
npm warn EBADENGINE   package: '@angular-devkit/core@22.1.8',
npm warn EBADENGINE   required: {
npm warn EBADENGINE     node: '^22.22.3 || ^24.15.0 || >=26.0.0',
npm warn EBADENGINE     npm: '^6.11.0 || ^7.5.6 || >=8.0.0',
npm warn EBADENGINE     yarn: '>= 1.13.0'
npm warn EBADENGINE   },
npm warn EBADENGINE   current: { node: 'v24.14.1', npm: '11.18.0' }
npm warn EBADENGINE }
npm warn EBADENGINE Unsupported engine {
npm warn EBADENGINE   package: '@angular-devkit/schematics@22.1.8',
npm warn EBADENGINE   required: {
npm warn EBADENGINE     node: '^22.22.3 || ^24.15.0 || >=26.0.0',
npm warn EBADENGINE     npm: '^6.11.0 || ^7.5.6 || >=8.0.0',
npm warn EBADENGINE     yarn: '>= 1.13.0'
npm warn EBADENGINE   },
npm warn EBADENGINE   current: { node: 'v24.14.1', npm: '11.18.0' }
npm warn EBADENGINE }
npm warn EBADENGINE Unsupported engine {
npm warn EBADENGINE   package: '@angular-devkit/schematics-cli@22.1.8',
npm warn EBADENGINE   required: {
npm warn EBADENGINE     node: '^22.22.3 || ^24.15.0 || >=26.0.0',
npm warn EBADENGINE     npm: '^6.11.0 || ^7.5.6 || >=8.0.0',
npm warn EBADENGINE     yarn: '>= 1.13.0'
npm warn EBADENGINE   },
npm warn EBADENGINE   current: { node: 'v24.14.1', npm: '11.18.0' }
npm warn EBADENGINE }
npm warn EBADENGINE Unsupported engine {
npm warn EBADENGINE   package: '@angular-devkit/core@22.1.5',
npm warn EBADENGINE   required: {
npm warn EBADENGINE     node: '^22.22.3 || ^24.15.0 || >=26.0.0',
npm warn EBADENGINE     npm: '^6.11.0 || ^7.5.6 || >=8.0.0',
npm warn EBADENGINE     yarn: '>= 1.13.0'
npm warn EBADENGINE   },
npm warn EBADENGINE   current: { node: 'v24.14.1', npm: '11.18.0' }
npm warn EBADENGINE }
npm warn EBADENGINE Unsupported engine {
npm warn EBADENGINE   package: '@angular-devkit/schematics@22.1.5',
npm warn EBADENGINE   required: {
npm warn EBADENGINE     node: '^22.22.3 || ^24.15.0 || >=26.0.0',
npm warn EBADENGINE     npm: '^6.11.0 || ^7.5.6 || >=8.0.0',
npm warn EBADENGINE     yarn: '>= 1.13.0'
npm warn EBADENGINE   },
npm warn EBADENGINE   current: { node: 'v24.14.1', npm: '11.18.0' }
npm warn EBADENGINE }
npm warn cleanup Failed to remove some directories [
npm warn cleanup   [
npm warn cleanup     '\\\\?\\C:\\Users\\ADMIN\\Documents\\Sandbox App - DMOS\\sandbox-app\\node_modules\\@sentry',
npm warn cleanup     [Error: EPERM: operation not permitted, rmdir 'C:\Users\ADMIN\Documents\Sandbox App - DMOS\sandbox-app\node_modules\@sentry\browser\build\npm\types-ts3.8\integrations\featureFlags\statsig'] {
npm warn cleanup       errno: -4048,
npm warn cleanup       code: 'EPERM',
npm warn cleanup       syscall: 'rmdir',
npm warn cleanup       path: 'C:\\Users\\ADMIN\\Documents\\Sandbox App - DMOS\\sandbox-app\\node_modules\\@sentry\\browser\\build\\npm\\types-ts3.8\\integrations\\featureFlags\\statsig'
npm warn cleanup     }
npm warn cleanup   ]
npm warn cleanup ]
npm error code 1
npm error path C:\Users\ADMIN\Documents\Sandbox App - DMOS\sandbox-app\packages\database
npm error command failed
npm error command C:\WINDOWS\system32\cmd.exe /d /s /c prisma generate
npm error Prisma schema loaded from prisma\schema.prisma
npm error Loaded Prisma config from prisma.config.ts.
npm error
npm error Prisma config detected, skipping environment variable loading.
npm error Error: 
npm error EPERM: operation not permitted, rename 'C:\Users\ADMIN\Documents\Sandbox App - DMOS\sandbox-app\node_modules\.prisma\client\query_engine-windows.dll.node.tmp24728' -> 'C:\Users\ADMIN\Documents\Sandbox App - DMOS\sandbox-app\node_modules\.prisma\client\query_engine-windows.dll.node'
npm error A complete log of this run can be found in: C:\Users\ADMIN\AppData\Local\npm-cache\_logs\2026-09-23T10_13_09_376Z-debug-0.log
